// Jest Snapshot v1, https://goo.gl/fbAQLP

exports[`<PostCard/> should match snapshot 1`] = `
<div
  class="post"
>
  <img
    alt="test"
    class="post-cover"
    src="img/img.png"
  />
  <div
    class="post-content"
  >
    <h2>
      test
    </h2>
    <p>
      body test
    </p>
  </div>
</div>
`;
